make.exe all --print-data-base --no-builtin-variables --no-builtin-rules --question
make: *** No rule to make target 'all'.  Stop.

# GNU Make 4.4.1
# Built for x86_64-pc-msys
# Copyright (C) 1988-2023 Free Software Foundation, Inc.
# License GPLv3+: GNU GPL version 3 or later <https://gnu.org/licenses/gpl.html>
# This is free software: you are free to change and redistribute it.
# There is NO WARRANTY, to the extent permitted by law.
 

# Make data base, printed on Tue Jun 16 20:10:58 2026

# Variables

# environment
FPS_BROWSER_APP_PROFILE_STRING = Internet Explorer
# environment
SYSTEMDRIVE = C:
# environment
LC_ALL = C
# environment
EFC_13504_344590478 = 1
 
# environment
MXC_BIN_DIR = c:\Program Files\Microsoft VS Code\6928394f91\resources\app\node_modules\@microsoft\mxc-sdk\bin
# environment
USERPROFILE = C:\Users\svgra
# environment
STM32CUBEMX_PATH = C:\Program Files\STMicroelectronics\STM32Cube\STM32CubeMX
# environment
EFC_13504_1262719628 = 1
# environment
LOCALAPPDATA = C:\Users\svgra\AppData\Local
# environment
VSCODE_CRASH_REPORTER_PROCESS_TYPE = extensionHost
# environment
VSCODE_CWD = C:\Program Files\Microsoft VS Code
# environment
SYSTEMROOT = C:\WINDOWS
# environment
PROCESSOR_LEVEL = 25
# environment
PSMODULEPATH = C:\Program Files\WindowsPowerShell\Modules;C:\WINDOWS\system32\WindowsPowerShell\v1.0\Modules
# environment
NODEFAULTCURRENTDIRECTORYINEXEPATH = 1
# default
MAKE_COMMAND := make
# environment
GIT_CONFIG_VALUE_0 = explicit
# automatic
@D = $(patsubst %/,%,$(dir $@))
# environment
CHROME_CRASHPAD_PIPE_NAME = \\.\pipe\crashpad_6580_TSCQMKSDWWAOMFWJ
# environment
AZURE_MONITOR_PREFIX = uwm_
# environment
!E: = e:\MEGAsync_R91\Mega_Git_R91\VSCode\stm32f407_lan\stm32f407vg_lan_v1
# environment
FPS_BROWSER_USER_PROFILE_STRING = Default
# environment
VSCODE_HANDLES_UNCAUGHT_ERRORS = true
# default
.VARIABLES := 
# automatic
%D = $(patsubst %/,%,$(dir $%))
# automatic
^D = $(patsubst %/,%,$(dir $^))
# automatic
%F = $(notdir $%)
# environment
VSCODE_CODE_CACHE_PATH = C:\Users\svgra\AppData\Roaming\Code\CachedData\6928394f91b684055b873eecb8bc281365131f1c
# environment
LANG = C
# default
.LOADED := 
# environment
TMP = /c/Users/svgra/AppData/Local/Temp
# default
.INCLUDE_DIRS := /usr/include
# makefile
MAKEFLAGS = pqrR
# environment
ONEDRIVE = C:\Users\svgra\OneDrive
# makefile
CURDIR := /e/MEGAsync_R91/Mega_Git_R91/VSCode/stm32f407_lan/stm32f407vg_lan_v1
# environment
APPLICATION_INSIGHTS_NO_DIAGNOSTIC_CHANNEL = true
# environment
VSCODE_L10N_BUNDLE_LOCATION = 
# automatic
*D = $(patsubst %/,%,$(dir $*))
# environment
PROGRAMFILES = C:\Program Files
# environment
MFLAGS = -pqrR
# default
.SHELLFLAGS := -c
# environment
COMMONPROGRAMW6432 = C:\Program Files\Common Files
# environment
APPLICATION_INSIGHTS_NO_STANDARD_METRICS = disable
# environment
COPILOT_OTEL_FILE_EXPORTER_PATH = \\.\nul
# automatic
+D = $(patsubst %/,%,$(dir $+))
# makefile
MAKEFILE_LIST := 
# automatic
@F = $(notdir $@)
# environment
VSCODE_PID = 6580
# automatic
?D = $(patsubst %/,%,$(dir $?))
# automatic
*F = $(notdir $*)
# environment
GIT_CONFIG_COUNT = 1
# automatic
<D = $(patsubst %/,%,$(dir $<))
# environment
VSCODE_NLS_CONFIG = {"userLocale":"en-us","osLocale":"en-us","resolvedLanguage":"en","defaultMessagesFile":"C:\\Program Files\\Microsoft VS Code\\6928394f91\\resources\\app\\out\\nls.messages.json","locale":"en-us","availableLanguages":{}}
# environment
ONEDRIVECONSUMER = C:\Users\svgra\OneDrive
# default
MAKE_HOST := x86_64-pc-msys
# environment
PROGRAMDATA = C:\ProgramData
# default
SHELL := /bin/sh
# environment
HOMEPATH = \Users\svgra
# default
MAKECMDGOALS := all
# environment
EFC_13504_2775293581 = 1
# environment
DRIVERDATA = C:\Windows\System32\Drivers\DriverData
# environment
COMSPEC = C:\WINDOWS\system32\cmd.exe
# environment
WINDIR = C:\WINDOWS
# environment
MAKELEVEL := 0
# environment
APPLICATIONINSIGHTS_LOG_DESTINATION = file+console
# default
MAKE = $(MAKE_COMMAND)
# environment
PATH = /c/Users/svgra/.vscode/extensions/stmicroelectronics.stm32cube-ide-build-cmake-1.45.0-win32-x64/resources/cube-cmake/win32/x86_64:/c/Users/svgra/.vscode/extensions/stmicroelectronics.stm32cube-ide-core-1.3.0-win32-x64/resources/binaries/win32/x86_64:/c/WINDOWS/system32:/c/WINDOWS:/c/WINDOWS/System32/Wbem:/c/WINDOWS/System32/WindowsPowerShell/v1.0:/c/WINDOWS/System32/OpenSSH:/c/Program Files/Microsoft VS Code/bin:/c/Program Files/Git/cmd:/c/Program Files/Microchip/xc32/v5.00/bin:/c/Users/svgra/.local/bin:/c/Program Files (x86)/Arm/GNU Toolchain mingw-w64-i686-arm-none-eabi/bin:/c/ninja:/c/Users/svgra/AppData/Local/stm32cube/bundles/cmake/4.0.1+st.3/bin:/usr/bin:/c/OpenOCD/bin:/c/Users/svgra/.platformio/penv/Scripts
# environment
COMPUTERNAME = SVG_R91
# default
MAKEFILES := 
# environment
AZURE_MONITOR_STATSBEAT_FEATURES = {"instrumentation":31,"feature":33}
# automatic
^F = $(notdir $^)
# environment
PARSE_PIC_DATA = true
# environment
PROMPT = $P$G
# environment
 
APPLICATION_INSIGHTS_NO_STATSBEAT = true
# environment
LOGONSERVER = \\SVG_R91
# environment
USERNAME = svgra
# environment
AZURE_MONITOR_DISTRO_VERSION = 1.14.1
# environment
COMMONPROGRAMFILES = C:\Program Files\Common Files
# automatic
?F = $(notdir $?)
# environment
PROGRAMW6432 = C:\Program Files
# environment
PATHEXT = .COM;.EXE;.BAT;.CMD;.VBS;.VBE;.JS;.JSE;.WSF;.WSH;.MSC
# automatic
+F = $(notdir $+)
# environment
GIT_CONFIG_KEY_0 = safe.bareRepository
# environment
USERDOMAIN = SVG_R91
# 'override' directive
GNUMAKEFLAGS := 
# environment
CMSIS_PACK_ROOT = C:\Users\svgra\AppData\Local\stm32cube\packs
# environment
OS = Windows_NT
# makefile
.DEFAULT_GOAL := 
# default
MAKE_VERSION := 4.4.1
# environment
CUBE_BUNDLE_PATH = C:\Users\svgra\AppData\Local\stm32cube\bundles
# environment
EFC_13504_3789132940 = 1
# environment
PROGRAMFILES(X86) = C:\Program Files (x86)
# environment
USERDOMAIN_ROAMINGPROFILE = SVG_R91
# environment
NUMBER_OF_PROCESSORS = 16
# environment
PUBLIC = C:\Users\Public
# environment
ASL.LOG = Destination=file
# environment
APPDATA = C:\Users\svgra\AppData\Roaming
# environment
HOMEDRIVE = C:
# environment
EFC_13504_2283032206 = 1
# environment
EFC_13504_1592913036 = 1
# environment
PROCESSOR_ARCHITECTURE = AMD64
# environment
HOME = /home/svgra
# environment
COMMONPROGRAMFILES(X86) = C:\Program Files (x86)\Common Files
# environment
ELECTRON_RUN_AS_NODE = 1
# environment
TEMP = /c/Users/svgra/AppData/Local/Temp
# environment
VSCODE_IPC_HOOK = \\.\pipe\a480155a-1.124.2-main-sock
# environment
TERM = xterm-256color
# default
.RECIPEPREFIX := 
# automatic
<F = $(notdir $<)
# default
SUFFIXES := 
# environment
ALLUSERSPROFILE = C:\ProgramData
# environment
SESSIONNAME = Console
# environment
STM32_PRG_PATH = C:\Program Files\STMicroelectronics\STM32Cube\STM32CubeProgrammer\bin
# default
.FEATURES := target-specific order-only second-expansion else-if shortest-stem undefine oneshell nocomment grouped-target extra-prereqs notintermediate shell-export archives jobserver output-sync check-symlink load dospaths
# environment
PROCESSOR_REVISION = 5000
# environment
EFC_13504_4126798990 = 1
# environment
VSCODE_ESM_ENTRYPOINT = vs/workbench/api/node/extensionHostProcess
# environment
PROCESSOR_IDENTIFIER = AMD64 Family 25 Model 80 Stepping 0, AuthenticAMD
# variable set hash-table stats:
# Load=118/1024=12%, Rehash=0, Collisions=15/141=11%

# Pattern-specific Variable Values

# No pattern-specific variable values.

# Directories

# . (device 2994141744, inode 2251799813883938): 25 files, no impossibilities.

# 25 files, no impossibilities in 1 directories.

# Implicit Rules

# No implicit rules.

# Files

# Not a target:
Makefile:
#  Implicit rule search has been done.
#  File does not exist.
#  File has been updated.
#  Failed to be updated.

# Not a target:
.DEFAULT:
#  Implicit rule search has not been done.
#  Modification time never checked.
#  File has not been updated.

# Not a target:
all:
#  Command line target.
#  Implicit rule search has been done.
#  File does not exist.
#  File has not been updated.

# Not a target:
makefile:
#  Implicit rule search has been done.
#  File does not exist.
#  File has been updated.
#  Failed to be updated.

# Not a target:
GNUmakefile:
#  Implicit rule search has been done.
#  File does not exist.
#  File has been updated.
#  Failed to be updated.

# files hash-table stats:
# Load=6/1024=1%, Rehash=0, Collisions=0/16=0%
# VPATH Search Paths

# No 'vpath' search paths.

# No general ('VPATH' variable) search path.

# strcache buffers: 1 (0) / strings = 32 / storage = 363 B / avg = 11 B
# current buf: size = 8162 B / used = 363 B / count = 32 / avg = 11 B

# strcache performance: lookups = 34 / hit rate = 5%
# hash-table stats:
# Load=32/8192=0%, Rehash=0, Collisions=0/34=0%
# Finished Make data base on Tue Jun 16 20:10:58 2026

 
